
> burch-contracting-fresh@0.1.0 build
> next build

ΓÜá Invalid next.config.ts options detected: 
ΓÜá     Expected object, received boolean at "turbopack"
ΓÜá See more info here: https://nextjs.org/docs/messages/invalid-next-config
ΓÜá Warning: Next.js inferred your workspace root, but it may not be correct.
 We detected multiple lockfiles and selected the directory of /root/package-lock.json as the root directory.
 To silence this warning, set `turbopack.root` in your Next.js config, or consider removing one of the lockfiles if it's not needed.
   See https://nextjs.org/docs/app/api-reference/config/next-config-js/turbopack#root-directory for more information.
 Detected additional lockfiles: 
   * /root/burch-contracting-fresh/package-lock.json

Γû▓ Next.js 16.1.1 (Turbopack)
- Environments: .env.production
- Experiments (use with caution):
  Γ£ô optimizeCss
  ┬╖ optimizePackageImports

  Creating an optimized production build ...
